0 verbose cli D:\node.exe D:\proyecto cochatec\ProntoBolivia\package\bin\npm-cli.js
1 info using npm@10.8.2
2 info using node@v24.15.0
3 silly config load:file:D:\proyecto cochatec\ProntoBolivia\package\npmrc
4 silly config load:file:D:\.npmrc
5 silly config load:file:D:\proyecto cochatec\ProntoBolivia\.npmrc
6 silly config load:file:D:\etc\npmrc
7 verbose title npm install
8 verbose argv "install" "--cache" ".\\.npm-cache" "--userconfig" ".\\.npmrc" "--no-audit" "--no-fund"
9 verbose logfile logs-max:10 dir:D:\proyecto cochatec\ProntoBolivia\.npm-cache\_logs\2026-05-16T21_12_28_504Z-
10 verbose logfile D:\proyecto cochatec\ProntoBolivia\.npm-cache\_logs\2026-05-16T21_12_28_504Z-debug-0.log
11 silly packumentCache heap:2348810240 maxSize:587202560 maxEntrySize:293601280
12 silly logfile done cleaning log files
13 verbose stack Error: EPERM: operation not permitted, mkdir 'D:\'
13 verbose stack     at async mkdir (node:internal/fs/promises:859:10)
13 verbose stack     at async Arborist.reify (D:\proyecto cochatec\ProntoBolivia\package\node_modules\@npmcli\arborist\lib\arborist\reify.js:126:7)
13 verbose stack     at async Install.exec (D:\proyecto cochatec\ProntoBolivia\package\lib\commands\install.js:150:5)
13 verbose stack     at async Npm.exec (D:\proyecto cochatec\ProntoBolivia\package\lib\npm.js:207:9)
13 verbose stack     at async module.exports (D:\proyecto cochatec\ProntoBolivia\package\lib\cli\entry.js:74:5)
14 error code EPERM
15 error syscall mkdir
16 error path D:\
17 error errno -4048
18 error Error: EPERM: operation not permitted, mkdir 'D:\'
18 error     at async mkdir (node:internal/fs/promises:859:10)
18 error     at async Arborist.reify (D:\proyecto cochatec\ProntoBolivia\package\node_modules\@npmcli\arborist\lib\arborist\reify.js:126:7)
18 error     at async Install.exec (D:\proyecto cochatec\ProntoBolivia\package\lib\commands\install.js:150:5)
18 error     at async Npm.exec (D:\proyecto cochatec\ProntoBolivia\package\lib\npm.js:207:9)
18 error     at async module.exports (D:\proyecto cochatec\ProntoBolivia\package\lib\cli\entry.js:74:5) {
18 error   errno: -4048,
18 error   code: 'EPERM',
18 error   syscall: 'mkdir',
18 error   path: 'D:\\'
18 error }
19 error
19 error The operation was rejected by your operating system.
19 error It's possible that the file was already in use (by a text editor or antivirus),
19 error or that you lack permissions to access it.
19 error
19 error If you believe this might be a permissions issue, please double-check the
19 error permissions of the file and its containing directories, or try running
19 error the command again as root/Administrator.
20 silly unfinished npm timer reify 1778965950678
21 verbose cwd D:\proyecto cochatec\ProntoBolivia
22 verbose os Windows_NT 10.0.26200
23 verbose node v24.15.0
24 verbose npm  v10.8.2
25 verbose exit -4048
26 verbose code -4048
27 error A complete log of this run can be found in: D:\proyecto cochatec\ProntoBolivia\.npm-cache\_logs\2026-05-16T21_12_28_504Z-debug-0.log
